2026-08-05 11:41:23,170- DEBUG - This is a debug message 
2026-08-05 11:41:23,172- INFO - This is an info message 
2026-08-05 11:41:23,172- WARNING - This is a warning message 
2026-08-05 11:41:23,174- CRITICAL - This is a critical message 
2026-08-05 11:41:23,175- ERROR - This is an error message 
2026-08-05 11:43:11,162- DEBUG - This is a debug message 
2026-08-05 11:43:11,162- DEBUG - This is a debug message 
2026-08-05 11:43:11,165- INFO - This is an info message 
2026-08-05 11:43:11,165- INFO - This is an info message 
2026-08-05 11:43:11,253- WARNING - This is a warning message 
2026-08-05 11:43:11,253- WARNING - This is a warning message 
2026-08-05 11:43:11,256- CRITICAL - This is a critical message 
2026-08-05 11:43:11,256- CRITICAL - This is a critical message 
2026-08-05 11:43:11,258- ERROR - This is an error message 
2026-08-05 11:43:11,258- ERROR - This is an error message 
2026-08-05 12:26:26,432- DEBUG - This is a debug message 
2026-08-05 12:26:26,432- DEBUG - This is a debug message 
2026-08-05 12:26:26,432- DEBUG - This is a debug message 
2026-08-05 12:26:26,436- INFO - This is an info message 
2026-08-05 12:26:26,436- INFO - This is an info message 
2026-08-05 12:26:26,436- INFO - This is an info message 
2026-08-05 12:26:26,440- WARNING - This is a warning message 
2026-08-05 12:26:26,440- WARNING - This is a warning message 
2026-08-05 12:26:26,440- WARNING - This is a warning message 
2026-08-05 12:26:26,444- CRITICAL - This is a critical message 
2026-08-05 12:26:26,444- CRITICAL - This is a critical message 
2026-08-05 12:26:26,444- CRITICAL - This is a critical message 
2026-08-05 12:26:26,447- ERROR - This is an error message 
2026-08-05 12:26:26,447- ERROR - This is an error message 
2026-08-05 12:26:26,447- ERROR - This is an error message 
2026-08-05 12:26:35,631- DEBUG - This is a debug message 
2026-08-05 12:26:35,632- INFO - This is an info message 
2026-08-05 12:26:35,633- WARNING - This is a warning message 
2026-08-05 12:26:35,634- CRITICAL - This is a critical message 
2026-08-05 12:26:35,635- ERROR - This is an error message 
2026-08-06 11:59:31,518- DEBUG - This is a debug message 
2026-08-06 11:59:31,521- INFO - This is an info message 
2026-08-06 11:59:31,522- WARNING - This is a warning message 
2026-08-06 11:59:31,523- CRITICAL - This is a critical message 
2026-08-06 11:59:31,524- ERROR - This is an error message 
2026-08-06 12:01:34,819- DEBUG - This is a debug message 
2026-08-06 12:01:34,819- DEBUG - This is a debug message 
2026-08-06 12:01:34,821- INFO - This is an info message 
2026-08-06 12:01:34,821- INFO - This is an info message 
2026-08-06 12:01:34,823- WARNING - This is a warning message 
2026-08-06 12:01:34,823- WARNING - This is a warning message 
2026-08-06 12:01:34,825- CRITICAL - This is a critical message 
2026-08-06 12:01:34,825- CRITICAL - This is a critical message 
2026-08-06 12:01:34,827- ERROR - This is an error message 
2026-08-06 12:01:34,827- ERROR - This is an error message 
2026-08-06 12:06:19,902- DEBUG - This is a debug message 
2026-08-06 12:06:19,903- INFO - This is an info message 
2026-08-06 12:06:19,904- WARNING - This is a warning message 
2026-08-06 12:06:19,905- CRITICAL - This is a critical message 
2026-08-06 12:06:19,905- ERROR - This is an error message 
